// Jest Snapshot v1, https://goo.gl/fbAQLP

exports[`AccountContainer should render correctly 1`] = `
<View
  style={
    {
      "backgroundColor": undefined,
      "flexDirection": "column",
      "padding": 16,
      "width": "100%",
    }
  }
>
  <RCTScrollView
    contentContainerStyle={
      {
        "backgroundColor": "#f4f4f4",
        "flexGrow": 1,
        "padding": 20,
      }
    }
  >
    <View>
      <View
        style={
          {
            "alignItems": "center",
            "marginBottom": 20,
          }
        }
      >
        <Text
          style={
            [
              {
                "textAlign": "left",
              },
              {
                "color": "rgba(28, 27, 31, 1)",
                "fontFamily": "System",
                "fontWeight": "400",
                "letterSpacing": 0,
              },
              {
                "writingDirection": "ltr",
              },
              {
                "fontSize": 24,
                "fontWeight": "bold",
              },
            ]
          }
        >
          undefined undefined
        </Text>
        <Text
          style={
            [
              {
                "textAlign": "left",
              },
              {
                "color": "rgba(28, 27, 31, 1)",
                "fontFamily": "System",
                "fontWeight": "400",
                "letterSpacing": 0,
              },
              {
                "writingDirection": "ltr",
              },
              {
                "color": "#888",
                "fontSize": 18,
              },
            ]
          }
        >
          @
        </Text>
      </View>
      <View
        style={
          {
            "backgroundColor": "#fff",
            "borderRadius": 10,
            "elevation": 5,
            "padding": 20,
            "shadowColor": "#000",
            "shadowOffset": {
              "height": 2,
              "width": 0,
            },
            "shadowOpacity": 0.25,
            "shadowRadius": 3.84,
          }
        }
      >
        <Text
          style={
            [
              {
                "textAlign": "left",
              },
              {
                "color": "rgba(28, 27, 31, 1)",
                "fontFamily": "System",
                "fontWeight": "400",
                "letterSpacing": 0,
              },
              {
                "writingDirection": "ltr",
              },
              {
                "fontSize": 18,
                "fontWeight": "bold",
                "marginBottom": 10,
              },
            ]
          }
        >
          Contact Information
        </Text>
        <View
          style={
            {
              "alignItems": "center",
              "flexDirection": "row",
              "marginBottom": 10,
            }
          }
        >
          <Text
            allowFontScaling={false}
            selectable={false}
            style={
              [
                {
                  "color": undefined,
                  "fontSize": 12,
                },
                undefined,
                {
                  "fontFamily": "Entypo",
                  "fontStyle": "normal",
                  "fontWeight": "normal",
                },
                {},
              ]
            }
          >
            
          </Text>
          <Text
            style={
              [
                {
                  "textAlign": "left",
                },
                {
                  "color": "rgba(28, 27, 31, 1)",
                  "fontFamily": "System",
                  "fontWeight": "400",
                  "letterSpacing": 0,
                },
                {
                  "writingDirection": "ltr",
                },
                {
                  "fontSize": 16,
                  "marginLeft": 10,
                },
              ]
            }
          />
        </View>
        <View
          style={
            {
              "alignItems": "center",
              "flexDirection": "row",
              "marginBottom": 10,
            }
          }
        >
          <Text
            allowFontScaling={false}
            selectable={false}
            style={
              [
                {
                  "color": undefined,
                  "fontSize": 12,
                },
                undefined,
                {
                  "fontFamily": "Entypo",
                  "fontStyle": "normal",
                  "fontWeight": "normal",
                },
                {},
              ]
            }
          >
            
          </Text>
          <Text
            style={
              [
                {
                  "textAlign": "left",
                },
                {
                  "color": "rgba(28, 27, 31, 1)",
                  "fontFamily": "System",
                  "fontWeight": "400",
                  "letterSpacing": 0,
                },
                {
                  "writingDirection": "ltr",
                },
                {
                  "fontSize": 16,
                  "marginLeft": 10,
                },
              ]
            }
          >
            not provided
          </Text>
        </View>
        <View
          style={
            {
              "alignItems": "center",
              "flexDirection": "row",
              "marginBottom": 10,
            }
          }
        >
          <Text
            allowFontScaling={false}
            selectable={false}
            style={
              [
                {
                  "color": undefined,
                  "fontSize": 12,
                },
                undefined,
                {
                  "fontFamily": "Entypo",
                  "fontStyle": "normal",
                  "fontWeight": "normal",
                },
                {},
              ]
            }
          >
            
          </Text>
          <Text
            style={
              [
                {
                  "textAlign": "left",
                },
                {
                  "color": "rgba(28, 27, 31, 1)",
                  "fontFamily": "System",
                  "fontWeight": "400",
                  "letterSpacing": 0,
                },
                {
                  "writingDirection": "ltr",
                },
                {
                  "fontSize": 16,
                  "marginLeft": 10,
                },
              ]
            }
          >
            San Francisco, CA
          </Text>
        </View>
      </View>
      <View
        style={
          {
            "flexDirection": "row",
            "justifyContent": "space-between",
            "marginVertical": 20,
          }
        }
      >
        <View
          accessibilityState={
            {
              "busy": undefined,
              "checked": undefined,
              "disabled": undefined,
              "expanded": undefined,
              "selected": undefined,
            }
          }
          accessibilityValue={
            {
              "max": undefined,
              "min": undefined,
              "now": undefined,
              "text": undefined,
            }
          }
          accessible={true}
          collapsable={false}
          focusable={true}
          onClick={[Function]}
          onResponderGrant={[Function]}
          onResponderMove={[Function]}
          onResponderRelease={[Function]}
          onResponderTerminate={[Function]}
          onResponderTerminationRequest={[Function]}
          onStartShouldSetResponder={[Function]}
          style={
            {
              "alignItems": "center",
              "backgroundColor": "#4CAF50",
              "borderRadius": 5,
              "flex": 1,
              "marginHorizontal": 5,
              "opacity": 1,
              "padding": 10,
            }
          }
        >
          <Text
            style={
              [
                {
                  "textAlign": "left",
                },
                {
                  "color": "rgba(28, 27, 31, 1)",
                  "fontFamily": "System",
                  "fontWeight": "400",
                  "letterSpacing": 0,
                },
                {
                  "writingDirection": "ltr",
                },
                {
                  "color": "#fff",
                  "fontSize": 16,
                },
              ]
            }
          >
            Edit
          </Text>
        </View>
        <View
          accessibilityState={
            {
              "busy": undefined,
              "checked": undefined,
              "disabled": undefined,
              "expanded": undefined,
              "selected": undefined,
            }
          }
          accessibilityValue={
            {
              "max": undefined,
              "min": undefined,
              "now": undefined,
              "text": undefined,
            }
          }
          accessible={true}
          collapsable={false}
          focusable={true}
          onClick={[Function]}
          onResponderGrant={[Function]}
          onResponderMove={[Function]}
          onResponderRelease={[Function]}
          onResponderTerminate={[Function]}
          onResponderTerminationRequest={[Function]}
          onStartShouldSetResponder={[Function]}
          style={
            {
              "alignItems": "center",
              "backgroundColor": "#4CAF50",
              "borderRadius": 5,
              "flex": 1,
              "marginHorizontal": 5,
              "opacity": 1,
              "padding": 10,
            }
          }
        >
          <Text
            style={
              [
                {
                  "textAlign": "left",
                },
                {
                  "color": "rgba(28, 27, 31, 1)",
                  "fontFamily": "System",
                  "fontWeight": "400",
                  "letterSpacing": 0,
                },
                {
                  "writingDirection": "ltr",
                },
                {
                  "color": "#fff",
                  "fontSize": 16,
                },
              ]
            }
          >
            Subscriptions
          </Text>
        </View>
      </View>
      <View
        style={
          [
            {
              "alignItems": "center",
              "flexDirection": "row",
              "marginBottom": 10,
            },
            {
              "alignContent": "center",
              "alignItems": "center",
              "justifyContent": "space-around",
            },
          ]
        }
      >
        <Text
          style={
            [
              {
                "textAlign": "left",
              },
              {
                "color": "rgba(28, 27, 31, 1)",
                "fontFamily": "System",
                "fontWeight": "400",
                "letterSpacing": 0,
              },
              {
                "writingDirection": "ltr",
              },
              [
                {
                  "fontSize": 18,
                  "fontWeight": "bold",
                  "marginBottom": 10,
                },
                {
                  "alignSelf": "center",
                  "marginTop": 7,
                },
              ],
            ]
          }
        >
          Vendor Admin: 
        </Text>
        <RCTSwitch
          accessibilityRole="switch"
          onChange={[Function]}
          onResponderTerminationRequest={[Function]}
          onStartShouldSetResponder={[Function]}
          onTintColor="rgba(103, 80, 164, 1)"
          style={
            {
              "height": 31,
              "width": 51,
            }
          }
          tintColor="rgba(103, 80, 164, 1)"
          value={false}
        />
      </View>
      <View
        accessibilityState={
          {
            "busy": undefined,
            "checked": undefined,
            "disabled": undefined,
            "expanded": undefined,
            "selected": undefined,
          }
        }
        accessibilityValue={
          {
            "max": undefined,
            "min": undefined,
            "now": undefined,
            "text": undefined,
          }
        }
        accessible={true}
        collapsable={false}
        focusable={true}
        onClick={[Function]}
        onResponderGrant={[Function]}
        onResponderMove={[Function]}
        onResponderRelease={[Function]}
        onResponderTerminate={[Function]}
        onResponderTerminationRequest={[Function]}
        onStartShouldSetResponder={[Function]}
        style={
          {
            "alignItems": "center",
            "backgroundColor": "#4CAF50",
            "borderRadius": 5,
            "flex": 1,
            "marginHorizontal": 5,
            "opacity": 1,
            "padding": 10,
          }
        }
      >
        <Text
          style={
            [
              {
                "textAlign": "left",
              },
              {
                "color": "rgba(28, 27, 31, 1)",
                "fontFamily": "System",
                "fontWeight": "400",
                "letterSpacing": 0,
              },
              {
                "writingDirection": "ltr",
              },
              {
                "color": "#fff",
                "fontSize": 16,
              },
            ]
          }
        >
          Logout
        </Text>
      </View>
    </View>
  </RCTScrollView>
</View>
`;
